INFO  [alembic.runtime.migration] Context impl PostgresqlImpl.
INFO  [alembic.runtime.migration] Will assume transactional DDL.
INFO  [alembic.runtime.migration] Running upgrade cfcc3aa64589 -> 1b249b89876e, organizations_hierarchy
Traceback (most recent call last):
  File "/home/techatlasdev/Proyectos/yastubo/backend/yastubo_backend_v1/.venv/lib/python3.12/site-packages/sqlalchemy/engine/base.py", line 1967, in _exec_single_context
    self.dialect.do_execute(
  File "/home/techatlasdev/Proyectos/yastubo/backend/yastubo_backend_v1/.venv/lib/python3.12/site-packages/sqlalchemy/engine/default.py", line 952, in do_execute
    cursor.execute(statement, parameters)
psycopg2.errors.InFailedSqlTransaction: current transaction is aborted, commands ignored until end of transaction block


The above exception was the direct cause of the following exception:

Traceback (most recent call last):
  File "/home/techatlasdev/Proyectos/yastubo/backend/yastubo_backend_v1/.venv/bin/alembic", line 10, in <module>
    sys.exit(main())
             ^^^^^^
  File "/home/techatlasdev/Proyectos/yastubo/backend/yastubo_backend_v1/.venv/lib/python3.12/site-packages/alembic/config.py", line 1047, in main
    CommandLine(prog=prog).main(argv=argv)
  File "/home/techatlasdev/Proyectos/yastubo/backend/yastubo_backend_v1/.venv/lib/python3.12/site-packages/alembic/config.py", line 1037, in main
    self.run_cmd(cfg, options)
  File "/home/techatlasdev/Proyectos/yastubo/backend/yastubo_backend_v1/.venv/lib/python3.12/site-packages/alembic/config.py", line 971, in run_cmd
    fn(
  File "/home/techatlasdev/Proyectos/yastubo/backend/yastubo_backend_v1/.venv/lib/python3.12/site-packages/alembic/command.py", line 483, in upgrade
    script.run_env()
  File "/home/techatlasdev/Proyectos/yastubo/backend/yastubo_backend_v1/.venv/lib/python3.12/site-packages/alembic/script/base.py", line 545, in run_env
    util.load_python_file(self.dir, "env.py")
  File "/home/techatlasdev/Proyectos/yastubo/backend/yastubo_backend_v1/.venv/lib/python3.12/site-packages/alembic/util/pyfiles.py", line 116, in load_python_file
    module = load_module_py(module_id, path)
             ^^^^^^^^^^^^^^^^^^^^^^^^^^^^^^^
  File "/home/techatlasdev/Proyectos/yastubo/backend/yastubo_backend_v1/.venv/lib/python3.12/site-packages/alembic/util/pyfiles.py", line 136, in load_module_py
    spec.loader.exec_module(module)  # type: ignore
    ^^^^^^^^^^^^^^^^^^^^^^^^^^^^^^^
  File "<frozen importlib._bootstrap_external>", line 999, in exec_module
  File "<frozen importlib._bootstrap>", line 488, in _call_with_frames_removed
  File "/home/techatlasdev/Proyectos/yastubo/backend/yastubo_backend_v1/migrations/env.py", line 74, in <module>
    run_migrations_online()
  File "/home/techatlasdev/Proyectos/yastubo/backend/yastubo_backend_v1/migrations/env.py", line 68, in run_migrations_online
    context.run_migrations()
  File "<string>", line 8, in run_migrations
  File "/home/techatlasdev/Proyectos/yastubo/backend/yastubo_backend_v1/.venv/lib/python3.12/site-packages/alembic/runtime/environment.py", line 969, in run_migrations
    self.get_context().run_migrations(**kw)
  File "/home/techatlasdev/Proyectos/yastubo/backend/yastubo_backend_v1/.venv/lib/python3.12/site-packages/alembic/runtime/migration.py", line 626, in run_migrations
    step.migration_fn(**kw)
  File "/home/techatlasdev/Proyectos/yastubo/backend/yastubo_backend_v1/migrations/versions/1b249b89876e_organizations_hierarchy.py", line 108, in upgrade
    op.alter_column(table, 'workspace_id', new_column_name='company_id')
  File "<string>", line 8, in alter_column
  File "<string>", line 3, in alter_column
  File "/home/techatlasdev/Proyectos/yastubo/backend/yastubo_backend_v1/.venv/lib/python3.12/site-packages/alembic/operations/ops.py", line 1974, in alter_column
    return operations.invoke(alt)
           ^^^^^^^^^^^^^^^^^^^^^^
  File "/home/techatlasdev/Proyectos/yastubo/backend/yastubo_backend_v1/.venv/lib/python3.12/site-packages/alembic/operations/base.py", line 452, in invoke
    return fn(self, operation)
           ^^^^^^^^^^^^^^^^^^^
  File "/home/techatlasdev/Proyectos/yastubo/backend/yastubo_backend_v1/.venv/lib/python3.12/site-packages/alembic/operations/toimpl.py", line 58, in alter_column
    operations.impl.alter_column(
  File "/home/techatlasdev/Proyectos/yastubo/backend/yastubo_backend_v1/.venv/lib/python3.12/site-packages/alembic/ddl/postgresql.py", line 202, in alter_column
    super().alter_column(
  File "/home/techatlasdev/Proyectos/yastubo/backend/yastubo_backend_v1/.venv/lib/python3.12/site-packages/alembic/ddl/impl.py", line 370, in alter_column
    self._exec(
  File "/home/techatlasdev/Proyectos/yastubo/backend/yastubo_backend_v1/.venv/lib/python3.12/site-packages/alembic/ddl/impl.py", line 256, in _exec
    return conn.execute(construct, params)
           ^^^^^^^^^^^^^^^^^^^^^^^^^^^^^^^
  File "/home/techatlasdev/Proyectos/yastubo/backend/yastubo_backend_v1/.venv/lib/python3.12/site-packages/sqlalchemy/engine/base.py", line 1419, in execute
    return meth(
           ^^^^^
  File "/home/techatlasdev/Proyectos/yastubo/backend/yastubo_backend_v1/.venv/lib/python3.12/site-packages/sqlalchemy/sql/ddl.py", line 187, in _execute_on_connection
    return connection._execute_ddl(
           ^^^^^^^^^^^^^^^^^^^^^^^^
  File "/home/techatlasdev/Proyectos/yastubo/backend/yastubo_backend_v1/.venv/lib/python3.12/site-packages/sqlalchemy/engine/base.py", line 1530, in _execute_ddl
    ret = self._execute_context(
          ^^^^^^^^^^^^^^^^^^^^^^
  File "/home/techatlasdev/Proyectos/yastubo/backend/yastubo_backend_v1/.venv/lib/python3.12/site-packages/sqlalchemy/engine/base.py", line 1846, in _execute_context
    return self._exec_single_context(
           ^^^^^^^^^^^^^^^^^^^^^^^^^^
  File "/home/techatlasdev/Proyectos/yastubo/backend/yastubo_backend_v1/.venv/lib/python3.12/site-packages/sqlalchemy/engine/base.py", line 1986, in _exec_single_context
    self._handle_dbapi_exception(
  File "/home/techatlasdev/Proyectos/yastubo/backend/yastubo_backend_v1/.venv/lib/python3.12/site-packages/sqlalchemy/engine/base.py", line 2363, in _handle_dbapi_exception
    raise sqlalchemy_exception.with_traceback(exc_info[2]) from e
  File "/home/techatlasdev/Proyectos/yastubo/backend/yastubo_backend_v1/.venv/lib/python3.12/site-packages/sqlalchemy/engine/base.py", line 1967, in _exec_single_context
    self.dialect.do_execute(
  File "/home/techatlasdev/Proyectos/yastubo/backend/yastubo_backend_v1/.venv/lib/python3.12/site-packages/sqlalchemy/engine/default.py", line 952, in do_execute
    cursor.execute(statement, parameters)
sqlalchemy.exc.InternalError: (psycopg2.errors.InFailedSqlTransaction) current transaction is aborted, commands ignored until end of transaction block

[SQL: ALTER TABLE commission_distributions RENAME workspace_id TO company_id]
(Background on this error at: https://sqlalche.me/e/20/2j85)
