============================= test session starts ==============================
platform linux -- Python 3.12.12, pytest-9.0.2, pluggy-1.6.0
rootdir: /home/techatlasdev/Proyectos/yastubo/backend/yastubo_backend_v1
configfile: pyproject.toml
plugins: anyio-4.12.1, asyncio-1.3.0
asyncio: mode=Mode.AUTO, debug=False, asyncio_default_fixture_loop_scope=None, asyncio_default_test_loop_scope=function
collected 1 item

tests/test_global_v2.py F                                                [100%]

=================================== FAILURES ===================================
_____________________ test_multi_tenancy_and_reseller_flow _____________________

client = <httpx.AsyncClient object at 0x7fbab4bfb830>
reseller_user = (<app.modules.auth.models.User object at 0x7fbab4bfb7a0>, <app.modules.organizations.models.Company object at 0x7fbab4bfa0f0>)
db_session = <sqlalchemy.ext.asyncio.session.AsyncSession object at 0x7fbab4bfa4e0>

    @pytest.mark.asyncio
    async def test_multi_tenancy_and_reseller_flow(
        client: AsyncClient, reseller_user, db_session
    ):
        # Manual indexing to debug why unpacking fails
        user = reseller_user[0]
        company = reseller_user[1]
        if len(reseller_user) > 2:
            print(f"!!! DEBUG: reseller_user has {len(reseller_user)} items: {reseller_user}")
        token = create_access_token(
            {"sub": str(user.id), "roles": ["VENDEDOR"], "type": "access"}
        )
        headers = {"Authorization": f"Bearer {token}", "X-Company-Id": str(company.id)}
    
        # 1. Test Reseller Dashboard (Phase 2)
        response = await client.get("/api/v1/payments/reseller/dashboard", headers=headers)
        assert response.status_code == 200
        data = response.json()
        assert data["total_sales_count"] == 0
        assert float(data["total_commissions_earned"]) == 0.0
    
        # 2. Test AI Chat with RAG (Phase 3) - Mocked
        chat_payload = {"session_id": "session-123", "message": "Hola, ¿qué planes tienen?"}
    
        with patch(
            "app.modules.ai.service.AIService.chat_with_context", new_callable=AsyncMock
        ) as mock_chat:
            mock_chat.return_value = "Respuesta simulada de Gemini basada en contexto."
    
>           response = await client.post(
                "/api/v1/ai/chat", json=chat_payload, headers=headers
            )

tests/test_global_v2.py:78: 
_ _ _ _ _ _ _ _ _ _ _ _ _ _ _ _ _ _ _ _ _ _ _ _ _ _ _ _ _ _ _ _ _ _ _ _ _ _ _ _ 

self = <httpx.AsyncClient object at 0x7fbab4bfb830>, url = '/api/v1/ai/chat'

    async def post(
        self,
        url: URL | str,
        *,
        content: RequestContent | None = None,
        data: RequestData | None = None,
        files: RequestFiles | None = None,
        json: typing.Any | None = None,
        params: QueryParamTypes | None = None,
        headers: HeaderTypes | None = None,
        cookies: CookieTypes | None = None,
        auth: AuthTypes | UseClientDefault = USE_CLIENT_DEFAULT,
        follow_redirects: bool | UseClientDefault = USE_CLIENT_DEFAULT,
        timeout: TimeoutTypes | UseClientDefault = USE_CLIENT_DEFAULT,
        extensions: RequestExtensions | None = None,
    ) -> Response:
        """
        Send a `POST` request.
    
        **Parameters**: See `httpx.request`.
        """
>       return await self.request(
            "POST",
            url,
            content=content,
            data=data,
            files=files,
            json=json,
            params=params,
            headers=headers,
            cookies=cookies,
            auth=auth,
            follow_redirects=follow_redirects,
            timeout=timeout,
            extensions=extensions,
        )

.venv/lib/python3.12/site-packages/httpx/_client.py:1859: 
_ _ _ _ _ _ _ _ _ _ _ _ _ _ _ _ _ _ _ _ _ _ _ _ _ _ _ _ _ _ _ _ _ _ _ _ _ _ _ _ 

self = <httpx.AsyncClient object at 0x7fbab4bfb830>, method = 'POST'
url = '/api/v1/ai/chat'

    async def request(
        self,
        method: str,
        url: URL | str,
        *,
        content: RequestContent | None = None,
        data: RequestData | None = None,
        files: RequestFiles | None = None,
        json: typing.Any | None = None,
        params: QueryParamTypes | None = None,
        headers: HeaderTypes | None = None,
        cookies: CookieTypes | None = None,
        auth: AuthTypes | UseClientDefault | None = USE_CLIENT_DEFAULT,
        follow_redirects: bool | UseClientDefault = USE_CLIENT_DEFAULT,
        timeout: TimeoutTypes | UseClientDefault = USE_CLIENT_DEFAULT,
        extensions: RequestExtensions | None = None,
    ) -> Response:
        """
        Build and send a request.
    
        Equivalent to:
    
        ```python
        request = client.build_request(...)
        response = await client.send(request, ...)
        ```
    
        See `AsyncClient.build_request()`, `AsyncClient.send()`
        and [Merging of configuration][0] for how the various parameters
        are merged with client-level configuration.
    
        [0]: /advanced/clients/#merging-of-configuration
        """
    
        if cookies is not None:  # pragma: no cover
            message = (
                "Setting per-request cookies=<...> is being deprecated, because "
                "the expected behaviour on cookie persistence is ambiguous. Set "
                "cookies directly on the client instance instead."
            )
            warnings.warn(message, DeprecationWarning, stacklevel=2)
    
        request = self.build_request(
            method=method,
            url=url,
            content=content,
            data=data,
            files=files,
            json=json,
            params=params,
            headers=headers,
            cookies=cookies,
            timeout=timeout,
            extensions=extensions,
        )
>       return await self.send(request, auth=auth, follow_redirects=follow_redirects)
               ^^^^^^^^^^^^^^^^^^^^^^^^^^^^^^^^^^^^^^^^^^^^^^^^^^^^^^^^^^^^^^^^^^^^^^

.venv/lib/python3.12/site-packages/httpx/_client.py:1540: 
_ _ _ _ _ _ _ _ _ _ _ _ _ _ _ _ _ _ _ _ _ _ _ _ _ _ _ _ _ _ _ _ _ _ _ _ _ _ _ _ 

self = <httpx.AsyncClient object at 0x7fbab4bfb830>
request = <Request('POST', 'http://test/api/v1/ai/chat')>

    async def send(
        self,
        request: Request,
        *,
        stream: bool = False,
        auth: AuthTypes | UseClientDefault | None = USE_CLIENT_DEFAULT,
        follow_redirects: bool | UseClientDefault = USE_CLIENT_DEFAULT,
    ) -> Response:
        """
        Send a request.
    
        The request is sent as-is, unmodified.
    
        Typically you'll want to build one with `AsyncClient.build_request()`
        so that any client-level configuration is merged into the request,
        but passing an explicit `httpx.Request()` is supported as well.
    
        See also: [Request instances][0]
    
        [0]: /advanced/clients/#request-instances
        """
        if self._state == ClientState.CLOSED:
            raise RuntimeError("Cannot send a request, as the client has been closed.")
    
        self._state = ClientState.OPENED
        follow_redirects = (
            self.follow_redirects
            if isinstance(follow_redirects, UseClientDefault)
            else follow_redirects
        )
    
        self._set_timeout(request)
    
        auth = self._build_request_auth(request, auth)
    
>       response = await self._send_handling_auth(
            request,
            auth=auth,
            follow_redirects=follow_redirects,
            history=[],
        )

.venv/lib/python3.12/site-packages/httpx/_client.py:1629: 
_ _ _ _ _ _ _ _ _ _ _ _ _ _ _ _ _ _ _ _ _ _ _ _ _ _ _ _ _ _ _ _ _ _ _ _ _ _ _ _ 

self = <httpx.AsyncClient object at 0x7fbab4bfb830>
request = <Request('POST', 'http://test/api/v1/ai/chat')>
auth = <httpx.Auth object at 0x7fbaaf50e990>, follow_redirects = False
history = []

    async def _send_handling_auth(
        self,
        request: Request,
        auth: Auth,
        follow_redirects: bool,
        history: list[Response],
    ) -> Response:
        auth_flow = auth.async_auth_flow(request)
        try:
            request = await auth_flow.__anext__()
    
            while True:
>               response = await self._send_handling_redirects(
                    request,
                    follow_redirects=follow_redirects,
                    history=history,
                )

.venv/lib/python3.12/site-packages/httpx/_client.py:1657: 
_ _ _ _ _ _ _ _ _ _ _ _ _ _ _ _ _ _ _ _ _ _ _ _ _ _ _ _ _ _ _ _ _ _ _ _ _ _ _ _ 

self = <httpx.AsyncClient object at 0x7fbab4bfb830>
request = <Request('POST', 'http://test/api/v1/ai/chat')>
follow_redirects = False, history = []

    async def _send_handling_redirects(
        self,
        request: Request,
        follow_redirects: bool,
        history: list[Response],
    ) -> Response:
        while True:
            if len(history) > self.max_redirects:
                raise TooManyRedirects(
                    "Exceeded maximum allowed redirects.", request=request
                )
    
            for hook in self._event_hooks["request"]:
                await hook(request)
    
>           response = await self._send_single_request(request)
                       ^^^^^^^^^^^^^^^^^^^^^^^^^^^^^^^^^^^^^^^^

.venv/lib/python3.12/site-packages/httpx/_client.py:1694: 
_ _ _ _ _ _ _ _ _ _ _ _ _ _ _ _ _ _ _ _ _ _ _ _ _ _ _ _ _ _ _ _ _ _ _ _ _ _ _ _ 

self = <httpx.AsyncClient object at 0x7fbab4bfb830>
request = <Request('POST', 'http://test/api/v1/ai/chat')>

    async def _send_single_request(self, request: Request) -> Response:
        """
        Sends a single request, without handling any redirections.
        """
        transport = self._transport_for_url(request.url)
        start = time.perf_counter()
    
        if not isinstance(request.stream, AsyncByteStream):
            raise RuntimeError(
                "Attempted to send an sync request with an AsyncClient instance."
            )
    
        with request_context(request=request):
>           response = await transport.handle_async_request(request)
                       ^^^^^^^^^^^^^^^^^^^^^^^^^^^^^^^^^^^^^^^^^^^^^

.venv/lib/python3.12/site-packages/httpx/_client.py:1730: 
_ _ _ _ _ _ _ _ _ _ _ _ _ _ _ _ _ _ _ _ _ _ _ _ _ _ _ _ _ _ _ _ _ _ _ _ _ _ _ _ 

self = <httpx.ASGITransport object at 0x7fbab4bfb7d0>
request = <Request('POST', 'http://test/api/v1/ai/chat')>

    async def handle_async_request(
        self,
        request: Request,
    ) -> Response:
        assert isinstance(request.stream, AsyncByteStream)
    
        # ASGI scope.
        scope = {
            "type": "http",
            "asgi": {"version": "3.0"},
            "http_version": "1.1",
            "method": request.method,
            "headers": [(k.lower(), v) for (k, v) in request.headers.raw],
            "scheme": request.url.scheme,
            "path": request.url.path,
            "raw_path": request.url.raw_path.split(b"?")[0],
            "query_string": request.url.query,
            "server": (request.url.host, request.url.port),
            "client": self.client,
            "root_path": self.root_path,
        }
    
        # Request.
        request_body_chunks = request.stream.__aiter__()
        request_complete = False
    
        # Response.
        status_code = None
        response_headers = None
        body_parts = []
        response_started = False
        response_complete = create_event()
    
        # ASGI callables.
    
        async def receive() -> dict[str, typing.Any]:
            nonlocal request_complete
    
            if request_complete:
                await response_complete.wait()
                return {"type": "http.disconnect"}
    
            try:
                body = await request_body_chunks.__anext__()
            except StopAsyncIteration:
                request_complete = True
                return {"type": "http.request", "body": b"", "more_body": False}
            return {"type": "http.request", "body": body, "more_body": True}
    
        async def send(message: typing.MutableMapping[str, typing.Any]) -> None:
            nonlocal status_code, response_headers, response_started
    
            if message["type"] == "http.response.start":
                assert not response_started
    
                status_code = message["status"]
                response_headers = message.get("headers", [])
                response_started = True
    
            elif message["type"] == "http.response.body":
                assert not response_complete.is_set()
                body = message.get("body", b"")
                more_body = message.get("more_body", False)
    
                if body and request.method != "HEAD":
                    body_parts.append(body)
    
                if not more_body:
                    response_complete.set()
    
        try:
>           await self.app(scope, receive, send)

.venv/lib/python3.12/site-packages/httpx/_transports/asgi.py:170: 
_ _ _ _ _ _ _ _ _ _ _ _ _ _ _ _ _ _ _ _ _ _ _ _ _ _ _ _ _ _ _ _ _ _ _ _ _ _ _ _ 

self = <fastapi.applications.FastAPI object at 0x7fbae952afc0>
scope = {'app': <fastapi.applications.FastAPI object at 0x7fbae952afc0>, 'asgi': {'version': '3.0'}, 'client': ('127.0.0.1', 123), 'endpoint': <function chat_with_ai at 0x7fbab58e05e0>, ...}
receive = <function ASGITransport.handle_async_request.<locals>.receive at 0x7fbaaf510860>
send = <function ASGITransport.handle_async_request.<locals>.send at 0x7fbaaf5107c0>

    async def __call__(self, scope: Scope, receive: Receive, send: Send) -> None:
        if self.root_path:
            scope["root_path"] = self.root_path
>       await super().__call__(scope, receive, send)

.venv/lib/python3.12/site-packages/fastapi/applications.py:1160: 
_ _ _ _ _ _ _ _ _ _ _ _ _ _ _ _ _ _ _ _ _ _ _ _ _ _ _ _ _ _ _ _ _ _ _ _ _ _ _ _ 

self = <fastapi.applications.FastAPI object at 0x7fbae952afc0>
scope = {'app': <fastapi.applications.FastAPI object at 0x7fbae952afc0>, 'asgi': {'version': '3.0'}, 'client': ('127.0.0.1', 123), 'endpoint': <function chat_with_ai at 0x7fbab58e05e0>, ...}
receive = <function ASGITransport.handle_async_request.<locals>.receive at 0x7fbaaf510860>
send = <function ASGITransport.handle_async_request.<locals>.send at 0x7fbaaf5107c0>

    async def __call__(self, scope: Scope, receive: Receive, send: Send) -> None:
        scope["app"] = self
        if self.middleware_stack is None:
            self.middleware_stack = self.build_middleware_stack()
>       await self.middleware_stack(scope, receive, send)

.venv/lib/python3.12/site-packages/starlette/applications.py:107: 
_ _ _ _ _ _ _ _ _ _ _ _ _ _ _ _ _ _ _ _ _ _ _ _ _ _ _ _ _ _ _ _ _ _ _ _ _ _ _ _ 

self = <starlette.middleware.errors.ServerErrorMiddleware object at 0x7fbaafe45460>
scope = {'app': <fastapi.applications.FastAPI object at 0x7fbae952afc0>, 'asgi': {'version': '3.0'}, 'client': ('127.0.0.1', 123), 'endpoint': <function chat_with_ai at 0x7fbab58e05e0>, ...}
receive = <function ASGITransport.handle_async_request.<locals>.receive at 0x7fbaaf510860>
send = <function ASGITransport.handle_async_request.<locals>.send at 0x7fbaaf5107c0>

    async def __call__(self, scope: Scope, receive: Receive, send: Send) -> None:
        if scope["type"] != "http":
            await self.app(scope, receive, send)
            return
    
        response_started = False
    
        async def _send(message: Message) -> None:
            nonlocal response_started, send
    
            if message["type"] == "http.response.start":
                response_started = True
            await send(message)
    
        try:
            await self.app(scope, receive, _send)
        except Exception as exc:
            request = Request(scope)
            if self.debug:
                # In debug mode, return traceback responses.
                response = self.debug_response(request, exc)
            elif self.handler is None:
                # Use our default 500 error handler.
                response = self.error_response(request, exc)
            else:
                # Use an installed 500 error handler.
                if is_async_callable(self.handler):
                    response = await self.handler(request, exc)
                else:
                    response = await run_in_threadpool(self.handler, request, exc)
    
            if not response_started:
                await response(scope, receive, send)
    
            # We always continue to raise the exception.
            # This allows servers to log the error, or allows test clients
            # to optionally raise the error within the test case.
>           raise exc

.venv/lib/python3.12/site-packages/starlette/middleware/errors.py:186: 
_ _ _ _ _ _ _ _ _ _ _ _ _ _ _ _ _ _ _ _ _ _ _ _ _ _ _ _ _ _ _ _ _ _ _ _ _ _ _ _ 

self = <starlette.middleware.errors.ServerErrorMiddleware object at 0x7fbaafe45460>
scope = {'app': <fastapi.applications.FastAPI object at 0x7fbae952afc0>, 'asgi': {'version': '3.0'}, 'client': ('127.0.0.1', 123), 'endpoint': <function chat_with_ai at 0x7fbab58e05e0>, ...}
receive = <function ASGITransport.handle_async_request.<locals>.receive at 0x7fbaaf510860>
send = <function ASGITransport.handle_async_request.<locals>.send at 0x7fbaaf5107c0>

    async def __call__(self, scope: Scope, receive: Receive, send: Send) -> None:
        if scope["type"] != "http":
            await self.app(scope, receive, send)
            return
    
        response_started = False
    
        async def _send(message: Message) -> None:
            nonlocal response_started, send
    
            if message["type"] == "http.response.start":
                response_started = True
            await send(message)
    
        try:
>           await self.app(scope, receive, _send)

.venv/lib/python3.12/site-packages/starlette/middleware/errors.py:164: 
_ _ _ _ _ _ _ _ _ _ _ _ _ _ _ _ _ _ _ _ _ _ _ _ _ _ _ _ _ _ _ _ _ _ _ _ _ _ _ _ 

self = <starlette.middleware.cors.CORSMiddleware object at 0x7fbaafe45af0>
scope = {'app': <fastapi.applications.FastAPI object at 0x7fbae952afc0>, 'asgi': {'version': '3.0'}, 'client': ('127.0.0.1', 123), 'endpoint': <function chat_with_ai at 0x7fbab58e05e0>, ...}
receive = <function ASGITransport.handle_async_request.<locals>.receive at 0x7fbaaf510860>
send = <function ServerErrorMiddleware.__call__.<locals>._send at 0x7fbaaf510900>

    async def __call__(self, scope: Scope, receive: Receive, send: Send) -> None:
        if scope["type"] != "http":  # pragma: no cover
            await self.app(scope, receive, send)
            return
    
        method = scope["method"]
        headers = Headers(scope=scope)
        origin = headers.get("origin")
    
        if origin is None:
>           await self.app(scope, receive, send)

.venv/lib/python3.12/site-packages/starlette/middleware/cors.py:87: 
_ _ _ _ _ _ _ _ _ _ _ _ _ _ _ _ _ _ _ _ _ _ _ _ _ _ _ _ _ _ _ _ _ _ _ _ _ _ _ _ 

self = <starlette.middleware.exceptions.ExceptionMiddleware object at 0x7fbaafe45ac0>
scope = {'app': <fastapi.applications.FastAPI object at 0x7fbae952afc0>, 'asgi': {'version': '3.0'}, 'client': ('127.0.0.1', 123), 'endpoint': <function chat_with_ai at 0x7fbab58e05e0>, ...}
receive = <function ASGITransport.handle_async_request.<locals>.receive at 0x7fbaaf510860>
send = <function ServerErrorMiddleware.__call__.<locals>._send at 0x7fbaaf510900>

    async def __call__(self, scope: Scope, receive: Receive, send: Send) -> None:
        if scope["type"] not in ("http", "websocket"):
            await self.app(scope, receive, send)
            return
    
        scope["starlette.exception_handlers"] = (
            self._exception_handlers,
            self._status_handlers,
        )
    
        conn: Request | WebSocket
        if scope["type"] == "http":
            conn = Request(scope, receive, send)
        else:
            conn = WebSocket(scope, receive, send)
    
>       await wrap_app_handling_exceptions(self.app, conn)(scope, receive, send)

.venv/lib/python3.12/site-packages/starlette/middleware/exceptions.py:63: 
_ _ _ _ _ _ _ _ _ _ _ _ _ _ _ _ _ _ _ _ _ _ _ _ _ _ _ _ _ _ _ _ _ _ _ _ _ _ _ _ 

scope = {'app': <fastapi.applications.FastAPI object at 0x7fbae952afc0>, 'asgi': {'version': '3.0'}, 'client': ('127.0.0.1', 123), 'endpoint': <function chat_with_ai at 0x7fbab58e05e0>, ...}
receive = <function ASGITransport.handle_async_request.<locals>.receive at 0x7fbaaf510860>
send = <function ServerErrorMiddleware.__call__.<locals>._send at 0x7fbaaf510900>

    async def wrapped_app(scope: Scope, receive: Receive, send: Send) -> None:
        response_started = False
    
        async def sender(message: Message) -> None:
            nonlocal response_started
    
            if message["type"] == "http.response.start":
                response_started = True
            await send(message)
    
        try:
            await app(scope, receive, sender)
        except Exception as exc:
            handler = None
    
            if isinstance(exc, HTTPException):
                handler = status_handlers.get(exc.status_code)
    
            if handler is None:
                handler = _lookup_exception_handler(exception_handlers, exc)
    
            if handler is None:
>               raise exc

.venv/lib/python3.12/site-packages/starlette/_exception_handler.py:53: 
_ _ _ _ _ _ _ _ _ _ _ _ _ _ _ _ _ _ _ _ _ _ _ _ _ _ _ _ _ _ _ _ _ _ _ _ _ _ _ _ 

scope = {'app': <fastapi.applications.FastAPI object at 0x7fbae952afc0>, 'asgi': {'version': '3.0'}, 'client': ('127.0.0.1', 123), 'endpoint': <function chat_with_ai at 0x7fbab58e05e0>, ...}
receive = <function ASGITransport.handle_async_request.<locals>.receive at 0x7fbaaf510860>
send = <function ServerErrorMiddleware.__call__.<locals>._send at 0x7fbaaf510900>

    async def wrapped_app(scope: Scope, receive: Receive, send: Send) -> None:
        response_started = False
    
        async def sender(message: Message) -> None:
            nonlocal response_started
    
            if message["type"] == "http.response.start":
                response_started = True
            await send(message)
    
        try:
>           await app(scope, receive, sender)

.venv/lib/python3.12/site-packages/starlette/_exception_handler.py:42: 
_ _ _ _ _ _ _ _ _ _ _ _ _ _ _ _ _ _ _ _ _ _ _ _ _ _ _ _ _ _ _ _ _ _ _ _ _ _ _ _ 

self = <fastapi.middleware.asyncexitstack.AsyncExitStackMiddleware object at 0x7fbaafe45a90>
scope = {'app': <fastapi.applications.FastAPI object at 0x7fbae952afc0>, 'asgi': {'version': '3.0'}, 'client': ('127.0.0.1', 123), 'endpoint': <function chat_with_ai at 0x7fbab58e05e0>, ...}
receive = <function ASGITransport.handle_async_request.<locals>.receive at 0x7fbaaf510860>
send = <function wrap_app_handling_exceptions.<locals>.wrapped_app.<locals>.sender at 0x7fbaaf510a40>

    async def __call__(self, scope: Scope, receive: Receive, send: Send) -> None:
        async with AsyncExitStack() as stack:
            scope[self.context_name] = stack
>           await self.app(scope, receive, send)

.venv/lib/python3.12/site-packages/fastapi/middleware/asyncexitstack.py:18: 
_ _ _ _ _ _ _ _ _ _ _ _ _ _ _ _ _ _ _ _ _ _ _ _ _ _ _ _ _ _ _ _ _ _ _ _ _ _ _ _ 

self = <fastapi.routing.APIRouter object at 0x7fbab4f046b0>
scope = {'app': <fastapi.applications.FastAPI object at 0x7fbae952afc0>, 'asgi': {'version': '3.0'}, 'client': ('127.0.0.1', 123), 'endpoint': <function chat_with_ai at 0x7fbab58e05e0>, ...}
receive = <function ASGITransport.handle_async_request.<locals>.receive at 0x7fbaaf510860>
send = <function wrap_app_handling_exceptions.<locals>.wrapped_app.<locals>.sender at 0x7fbaaf510a40>

    async def __call__(self, scope: Scope, receive: Receive, send: Send) -> None:
        """
        The main entry point to the Router class.
        """
>       await self.middleware_stack(scope, receive, send)

.venv/lib/python3.12/site-packages/starlette/routing.py:716: 
_ _ _ _ _ _ _ _ _ _ _ _ _ _ _ _ _ _ _ _ _ _ _ _ _ _ _ _ _ _ _ _ _ _ _ _ _ _ _ _ 

self = <fastapi.routing.APIRouter object at 0x7fbab4f046b0>
scope = {'app': <fastapi.applications.FastAPI object at 0x7fbae952afc0>, 'asgi': {'version': '3.0'}, 'client': ('127.0.0.1', 123), 'endpoint': <function chat_with_ai at 0x7fbab58e05e0>, ...}
receive = <function ASGITransport.handle_async_request.<locals>.receive at 0x7fbaaf510860>
send = <function wrap_app_handling_exceptions.<locals>.wrapped_app.<locals>.sender at 0x7fbaaf510a40>

    async def app(self, scope: Scope, receive: Receive, send: Send) -> None:
        assert scope["type"] in ("http", "websocket", "lifespan")
    
        if "router" not in scope:
            scope["router"] = self
    
        if scope["type"] == "lifespan":
            await self.lifespan(scope, receive, send)
            return
    
        partial = None
    
        for route in self.routes:
            # Determine if any route matches the incoming scope,
            # and hand over to the matching route if found.
            match, child_scope = route.matches(scope)
            if match == Match.FULL:
                scope.update(child_scope)
>               await route.handle(scope, receive, send)

.venv/lib/python3.12/site-packages/starlette/routing.py:736: 
_ _ _ _ _ _ _ _ _ _ _ _ _ _ _ _ _ _ _ _ _ _ _ _ _ _ _ _ _ _ _ _ _ _ _ _ _ _ _ _ 

self = APIRoute(path='/api/v1/ai/chat', name='chat_with_ai', methods=['POST'])
scope = {'app': <fastapi.applications.FastAPI object at 0x7fbae952afc0>, 'asgi': {'version': '3.0'}, 'client': ('127.0.0.1', 123), 'endpoint': <function chat_with_ai at 0x7fbab58e05e0>, ...}
receive = <function ASGITransport.handle_async_request.<locals>.receive at 0x7fbaaf510860>
send = <function wrap_app_handling_exceptions.<locals>.wrapped_app.<locals>.sender at 0x7fbaaf510a40>

    async def handle(self, scope: Scope, receive: Receive, send: Send) -> None:
        if self.methods and scope["method"] not in self.methods:
            headers = {"Allow": ", ".join(self.methods)}
            if "app" in scope:
                raise HTTPException(status_code=405, headers=headers)
            else:
                response = PlainTextResponse("Method Not Allowed", status_code=405, headers=headers)
            await response(scope, receive, send)
        else:
>           await self.app(scope, receive, send)

.venv/lib/python3.12/site-packages/starlette/routing.py:290: 
_ _ _ _ _ _ _ _ _ _ _ _ _ _ _ _ _ _ _ _ _ _ _ _ _ _ _ _ _ _ _ _ _ _ _ _ _ _ _ _ 

scope = {'app': <fastapi.applications.FastAPI object at 0x7fbae952afc0>, 'asgi': {'version': '3.0'}, 'client': ('127.0.0.1', 123), 'endpoint': <function chat_with_ai at 0x7fbab58e05e0>, ...}
receive = <function ASGITransport.handle_async_request.<locals>.receive at 0x7fbaaf510860>
send = <function wrap_app_handling_exceptions.<locals>.wrapped_app.<locals>.sender at 0x7fbaaf510a40>

    async def app(scope: Scope, receive: Receive, send: Send) -> None:
        request = Request(scope, receive, send)
    
        async def app(scope: Scope, receive: Receive, send: Send) -> None:
            # Starts customization
            response_awaited = False
            async with AsyncExitStack() as request_stack:
                scope["fastapi_inner_astack"] = request_stack
                async with AsyncExitStack() as function_stack:
                    scope["fastapi_function_astack"] = function_stack
                    response = await f(request)
                await response(scope, receive, send)
                # Continues customization
                response_awaited = True
            if not response_awaited:
                raise FastAPIError(
                    "Response not awaited. There's a high chance that the "
                    "application code is raising an exception and a dependency with yield "
                    "has a block with a bare except, or a block with except Exception, "
                    "and is not raising the exception again. Read more about it in the "
                    "docs: https://fastapi.tiangolo.com/tutorial/dependencies/dependencies-with-yield/#dependencies-with-yield-and-except"
                )
    
        # Same as in Starlette
>       await wrap_app_handling_exceptions(app, request)(scope, receive, send)

.venv/lib/python3.12/site-packages/fastapi/routing.py:130: 
_ _ _ _ _ _ _ _ _ _ _ _ _ _ _ _ _ _ _ _ _ _ _ _ _ _ _ _ _ _ _ _ _ _ _ _ _ _ _ _ 

scope = {'app': <fastapi.applications.FastAPI object at 0x7fbae952afc0>, 'asgi': {'version': '3.0'}, 'client': ('127.0.0.1', 123), 'endpoint': <function chat_with_ai at 0x7fbab58e05e0>, ...}
receive = <function ASGITransport.handle_async_request.<locals>.receive at 0x7fbaaf510860>
send = <function wrap_app_handling_exceptions.<locals>.wrapped_app.<locals>.sender at 0x7fbaaf510a40>

    async def wrapped_app(scope: Scope, receive: Receive, send: Send) -> None:
        response_started = False
    
        async def sender(message: Message) -> None:
            nonlocal response_started
    
            if message["type"] == "http.response.start":
                response_started = True
            await send(message)
    
        try:
            await app(scope, receive, sender)
        except Exception as exc:
            handler = None
    
            if isinstance(exc, HTTPException):
                handler = status_handlers.get(exc.status_code)
    
            if handler is None:
                handler = _lookup_exception_handler(exception_handlers, exc)
    
            if handler is None:
>               raise exc

.venv/lib/python3.12/site-packages/starlette/_exception_handler.py:53: 
_ _ _ _ _ _ _ _ _ _ _ _ _ _ _ _ _ _ _ _ _ _ _ _ _ _ _ _ _ _ _ _ _ _ _ _ _ _ _ _ 

scope = {'app': <fastapi.applications.FastAPI object at 0x7fbae952afc0>, 'asgi': {'version': '3.0'}, 'client': ('127.0.0.1', 123), 'endpoint': <function chat_with_ai at 0x7fbab58e05e0>, ...}
receive = <function ASGITransport.handle_async_request.<locals>.receive at 0x7fbaaf510860>
send = <function wrap_app_handling_exceptions.<locals>.wrapped_app.<locals>.sender at 0x7fbaaf510a40>

    async def wrapped_app(scope: Scope, receive: Receive, send: Send) -> None:
        response_started = False
    
        async def sender(message: Message) -> None:
            nonlocal response_started
    
            if message["type"] == "http.response.start":
                response_started = True
            await send(message)
    
        try:
>           await app(scope, receive, sender)

.venv/lib/python3.12/site-packages/starlette/_exception_handler.py:42: 
_ _ _ _ _ _ _ _ _ _ _ _ _ _ _ _ _ _ _ _ _ _ _ _ _ _ _ _ _ _ _ _ _ _ _ _ _ _ _ _ 

scope = {'app': <fastapi.applications.FastAPI object at 0x7fbae952afc0>, 'asgi': {'version': '3.0'}, 'client': ('127.0.0.1', 123), 'endpoint': <function chat_with_ai at 0x7fbab58e05e0>, ...}
receive = <function ASGITransport.handle_async_request.<locals>.receive at 0x7fbaaf510860>
send = <function wrap_app_handling_exceptions.<locals>.wrapped_app.<locals>.sender at 0x7fbaaf510c20>

    async def app(scope: Scope, receive: Receive, send: Send) -> None:
        # Starts customization
        response_awaited = False
        async with AsyncExitStack() as request_stack:
            scope["fastapi_inner_astack"] = request_stack
            async with AsyncExitStack() as function_stack:
                scope["fastapi_function_astack"] = function_stack
>               response = await f(request)
                           ^^^^^^^^^^^^^^^^

.venv/lib/python3.12/site-packages/fastapi/routing.py:116: 
_ _ _ _ _ _ _ _ _ _ _ _ _ _ _ _ _ _ _ _ _ _ _ _ _ _ _ _ _ _ _ _ _ _ _ _ _ _ _ _ 

request = <starlette.requests.Request object at 0x7fbaaf50f470>

    async def app(request: Request) -> Response:
        response: Response | None = None
        file_stack = request.scope.get("fastapi_middleware_astack")
        assert isinstance(file_stack, AsyncExitStack), (
            "fastapi_middleware_astack not found in request scope"
        )
    
        # Extract endpoint context for error messages
        endpoint_ctx = (
            _extract_endpoint_context(dependant.call)
            if dependant.call
            else EndpointContext()
        )
    
        if dependant.path:
            # For mounted sub-apps, include the mount path prefix
            mount_path = request.scope.get("root_path", "").rstrip("/")
            endpoint_ctx["path"] = f"{request.method} {mount_path}{dependant.path}"
    
        # Read body and auto-close files
        try:
            body: Any = None
            if body_field:
                if is_body_form:
                    body = await request.form()
                    file_stack.push_async_callback(body.close)
                else:
                    body_bytes = await request.body()
                    if body_bytes:
                        json_body: Any = Undefined
                        content_type_value = request.headers.get("content-type")
                        if not content_type_value:
                            if not actual_strict_content_type:
                                json_body = await request.json()
                        else:
                            message = email.message.Message()
                            message["content-type"] = content_type_value
                            if message.get_content_maintype() == "application":
                                subtype = message.get_content_subtype()
                                if subtype == "json" or subtype.endswith("+json"):
                                    json_body = await request.json()
                        if json_body != Undefined:
                            body = json_body
                        else:
                            body = body_bytes
        except json.JSONDecodeError as e:
            validation_error = RequestValidationError(
                [
                    {
                        "type": "json_invalid",
                        "loc": ("body", e.pos),
                        "msg": "JSON decode error",
                        "input": {},
                        "ctx": {"error": e.msg},
                    }
                ],
                body=e.doc,
                endpoint_ctx=endpoint_ctx,
            )
            raise validation_error from e
        except HTTPException:
            # If a middleware raises an HTTPException, it should be raised again
            raise
        except Exception as e:
            http_error = HTTPException(
                status_code=400, detail="There was an error parsing the body"
            )
            raise http_error from e
    
        # Solve dependencies and run path operation function, auto-closing dependencies
        errors: list[Any] = []
        async_exit_stack = request.scope.get("fastapi_inner_astack")
        assert isinstance(async_exit_stack, AsyncExitStack), (
            "fastapi_inner_astack not found in request scope"
        )
        solved_result = await solve_dependencies(
            request=request,
            dependant=dependant,
            body=body,
            dependency_overrides_provider=dependency_overrides_provider,
            async_exit_stack=async_exit_stack,
            embed_body_fields=embed_body_fields,
        )
        errors = solved_result.errors
        assert dependant.call  # For types
        if not errors:
            # Shared serializer for stream items (JSONL and SSE).
            # Validates against stream_item_field when set, then
            # serializes to JSON bytes.
            def _serialize_data(data: Any) -> bytes:
                if stream_item_field:
                    value, errors_ = stream_item_field.validate(
                        data, {}, loc=("response",)
                    )
                    if errors_:
                        ctx = endpoint_ctx or EndpointContext()
                        raise ResponseValidationError(
                            errors=errors_,
                            body=data,
                            endpoint_ctx=ctx,
                        )
                    return stream_item_field.serialize_json(
                        value,
                        include=response_model_include,
                        exclude=response_model_exclude,
                        by_alias=response_model_by_alias,
                        exclude_unset=response_model_exclude_unset,
                        exclude_defaults=response_model_exclude_defaults,
                        exclude_none=response_model_exclude_none,
                    )
                else:
                    data = jsonable_encoder(data)
                    return json.dumps(data).encode("utf-8")
    
            if is_sse_stream:
                # Generator endpoint: stream as Server-Sent Events
                gen = dependant.call(**solved_result.values)
    
                def _serialize_sse_item(item: Any) -> bytes:
                    if isinstance(item, ServerSentEvent):
                        # User controls the event structure.
                        # Serialize the data payload if present.
                        # For ServerSentEvent items we skip stream_item_field
                        # validation (the user may mix types intentionally).
                        if item.raw_data is not None:
                            data_str: str | None = item.raw_data
                        elif item.data is not None:
                            if hasattr(item.data, "model_dump_json"):
                                data_str = item.data.model_dump_json()
                            else:
                                data_str = json.dumps(jsonable_encoder(item.data))
                        else:
                            data_str = None
                        return format_sse_event(
                            data_str=data_str,
                            event=item.event,
                            id=item.id,
                            retry=item.retry,
                            comment=item.comment,
                        )
                    else:
                        # Plain object: validate + serialize via
                        # stream_item_field (if set) and wrap in data field
                        return format_sse_event(
                            data_str=_serialize_data(item).decode("utf-8")
                        )
    
                if dependant.is_async_gen_callable:
                    sse_aiter: AsyncIterator[Any] = gen.__aiter__()
                else:
                    sse_aiter = iterate_in_threadpool(gen)
    
                @asynccontextmanager
                async def _sse_producer_cm() -> AsyncIterator[
                    ObjectReceiveStream[bytes]
                ]:
                    # Use a memory stream to decouple generator iteration
                    # from the keepalive timer. A producer task pulls items
                    # from the generator independently, so
                    # `anyio.fail_after` never wraps the generator's
                    # `__anext__` directly - avoiding CancelledError that
                    # would finalize the generator and also working for sync
                    # generators running in a thread pool.
                    #
                    # This context manager is entered on the request-scoped
                    # AsyncExitStack so its __aexit__ (which cancels the
                    # task group) is called by the exit stack after the
                    # streaming response completes — not by async generator
                    # finalization via GeneratorExit.
                    # Ref: https://peps.python.org/pep-0789/
                    send_stream, receive_stream = anyio.create_memory_object_stream[
                        bytes
                    ](max_buffer_size=1)
    
                    async def _producer() -> None:
                        async with send_stream:
                            async for raw_item in sse_aiter:
                                await send_stream.send(_serialize_sse_item(raw_item))
    
                    send_keepalive, receive_keepalive = (
                        anyio.create_memory_object_stream[bytes](max_buffer_size=1)
                    )
    
                    async def _keepalive_inserter() -> None:
                        """Read from the producer and forward to the output,
                        inserting keepalive comments on timeout."""
                        async with send_keepalive, receive_stream:
                            try:
                                while True:
                                    try:
                                        with anyio.fail_after(_PING_INTERVAL):
                                            data = await receive_stream.receive()
                                        await send_keepalive.send(data)
                                    except TimeoutError:
                                        await send_keepalive.send(KEEPALIVE_COMMENT)
                            except anyio.EndOfStream:
                                pass
    
                    async with anyio.create_task_group() as tg:
                        tg.start_soon(_producer)
                        tg.start_soon(_keepalive_inserter)
                        yield receive_keepalive
                        tg.cancel_scope.cancel()
    
                # Enter the SSE context manager on the request-scoped
                # exit stack. The stack outlives the streaming response,
                # so __aexit__ runs via proper structured teardown, not
                # via GeneratorExit thrown into an async generator.
                sse_receive_stream = await async_exit_stack.enter_async_context(
                    _sse_producer_cm()
                )
                # Ensure the receive stream is closed when the exit stack
                # unwinds, preventing ResourceWarning from __del__.
                async_exit_stack.push_async_callback(sse_receive_stream.aclose)
    
                async def _sse_with_checkpoints(
                    stream: ObjectReceiveStream[bytes],
                ) -> AsyncIterator[bytes]:
                    async for data in stream:
                        yield data
                        # Guarantee a checkpoint so cancellation can be
                        # delivered even when the producer is faster than
                        # the consumer and receive() never suspends.
                        await anyio.sleep(0)
    
                sse_stream_content: AsyncIterator[bytes] | Iterator[bytes] = (
                    _sse_with_checkpoints(sse_receive_stream)
                )
    
                response = StreamingResponse(
                    sse_stream_content,
                    media_type="text/event-stream",
                    background=solved_result.background_tasks,
                )
                response.headers["Cache-Control"] = "no-cache"
                # For Nginx proxies to not buffer server sent events
                response.headers["X-Accel-Buffering"] = "no"
                response.headers.raw.extend(solved_result.response.headers.raw)
            elif is_json_stream:
                # Generator endpoint: stream as JSONL
                gen = dependant.call(**solved_result.values)
    
                def _serialize_item(item: Any) -> bytes:
                    return _serialize_data(item) + b"\n"
    
                if dependant.is_async_gen_callable:
    
                    async def _async_stream_jsonl() -> AsyncIterator[bytes]:
                        async for item in gen:
                            yield _serialize_item(item)
                            # To allow for cancellation to trigger
                            # Ref: https://github.com/fastapi/fastapi/issues/14680
                            await anyio.sleep(0)
    
                    jsonl_stream_content: AsyncIterator[bytes] | Iterator[bytes] = (
                        _async_stream_jsonl()
                    )
                else:
    
                    def _sync_stream_jsonl() -> Iterator[bytes]:
                        for item in gen:
                            yield _serialize_item(item)
    
                    jsonl_stream_content = _sync_stream_jsonl()
    
                response = StreamingResponse(
                    jsonl_stream_content,
                    media_type="application/jsonl",
                    background=solved_result.background_tasks,
                )
                response.headers.raw.extend(solved_result.response.headers.raw)
            elif dependant.is_async_gen_callable or dependant.is_gen_callable:
                # Raw streaming with explicit response_class (e.g. StreamingResponse)
                gen = dependant.call(**solved_result.values)
                if dependant.is_async_gen_callable:
    
                    async def _async_stream_raw(
                        async_gen: AsyncIterator[Any],
                    ) -> AsyncIterator[Any]:
                        async for chunk in async_gen:
                            yield chunk
                            # To allow for cancellation to trigger
                            # Ref: https://github.com/fastapi/fastapi/issues/14680
                            await anyio.sleep(0)
    
                    gen = _async_stream_raw(gen)
                response_args = _build_response_args(
                    status_code=status_code, solved_result=solved_result
                )
                response = actual_response_class(content=gen, **response_args)
                response.headers.raw.extend(solved_result.response.headers.raw)
            else:
>               raw_response = await run_endpoint_function(
                    dependant=dependant,
                    values=solved_result.values,
                    is_coroutine=is_coroutine,
                )

.venv/lib/python3.12/site-packages/fastapi/routing.py:670: 
_ _ _ _ _ _ _ _ _ _ _ _ _ _ _ _ _ _ _ _ _ _ _ _ _ _ _ _ _ _ _ _ _ _ _ _ _ _ _ _ 

    async def run_endpoint_function(
        *, dependant: Dependant, values: dict[str, Any], is_coroutine: bool
    ) -> Any:
        # Only called by get_request_handler. Has been split into its own function to
        # facilitate profiling endpoints, since inner functions are harder to profile.
        assert dependant.call is not None, "dependant.call must be a function"
    
        if is_coroutine:
>           return await dependant.call(**values)
                   ^^^^^^^^^^^^^^^^^^^^^^^^^^^^^^

.venv/lib/python3.12/site-packages/fastapi/routing.py:324: 
_ _ _ _ _ _ _ _ _ _ _ _ _ _ _ _ _ _ _ _ _ _ _ _ _ _ _ _ _ _ _ _ _ _ _ _ _ _ _ _ 

data = ChatRequest(message='Hola, ¿qué planes tienen?', session_id='session-123')
db = <sqlalchemy.ext.asyncio.session.AsyncSession object at 0x7fbab4bfa4e0>
company_id = UUID('2a3440bc-ab6f-4782-b046-3cfa8a15ee3d')
ai_service = <app.modules.ai.service.AIService object at 0x7fbaaf50fc50>
current_user = <app.modules.auth.models.User object at 0x7fbab4bfb7a0>

    @router.post("/chat", response_model=ChatResponse)
    async def chat_with_ai(
        data: ChatRequest,
        db: AsyncSession = Depends(get_db),
        company_id: uuid.UUID = Depends(get_current_company_id),
        ai_service: AIService = Depends(get_ai_service),
        current_user: User = Depends(get_current_user),
    ):
>       response_text, final_session_id = await ai_service.chat_with_context(
        ^^^^^^^^^^^^^^^^^^^^^^^^^^^^^^^
            db=db,
            company_id=company_id,
            session_id=data.session_id,
            message=data.message,
        )
E       ValueError: too many values to unpack (expected 2)

app/modules/ai/router.py:118: ValueError
---------------------------- Captured stdout setup -----------------------------
DEBUG FIXTURE: user=<app.modules.auth.models.User object at 0x7fbab4bfb7a0>, company=<app.modules.organizations.models.Company object at 0x7fbab4bfa0f0>
----------------------------- Captured stderr call -----------------------------
2026-04-01 01:02:59.356 | WARNING  | app.modules.payments.service:get_reseller_dashboard:397 - [RESELLER_DASHBOARD] Could not fetch Stripe balance: The provided key 'sk_test_***********************************************************************************************42Iv' does not have access to account 'acct_mock_123' (or that account does not exist). Application access may have been revoked.
=============================== warnings summary ===============================
app/modules/ai/service.py:2
  /home/techatlasdev/Proyectos/yastubo/backend/yastubo_backend_v1/app/modules/ai/service.py:2: FutureWarning: 
  
  All support for the `google.generativeai` package has ended. It will no longer be receiving 
  updates or bug fixes. Please switch to the `google.genai` package as soon as possible.
  See README for more details:
  
  https://github.com/google-gemini/deprecated-generative-ai-python/blob/main/README.md
  
    import google.generativeai as genai

app/modules/finance/schemas.py:17
  /home/techatlasdev/Proyectos/yastubo/backend/yastubo_backend_v1/app/modules/finance/schemas.py:17: PydanticDeprecatedSince20: Support for class-based `config` is deprecated, use ConfigDict instead. Deprecated in Pydantic V2.0 to be removed in V3.0. See Pydantic V2 Migration Guide at https://errors.pydantic.dev/2.12/migration/
    class CurrencyResponse(CurrencyBase):

app/modules/finance/schemas.py:35
  /home/techatlasdev/Proyectos/yastubo/backend/yastubo_backend_v1/app/modules/finance/schemas.py:35: PydanticDeprecatedSince20: Support for class-based `config` is deprecated, use ConfigDict instead. Deprecated in Pydantic V2.0 to be removed in V3.0. See Pydantic V2 Migration Guide at https://errors.pydantic.dev/2.12/migration/
    class UnitOfMeasureResponse(UnitOfMeasureBase):

app/modules/finance/schemas.py:51
  /home/techatlasdev/Proyectos/yastubo/backend/yastubo_backend_v1/app/modules/finance/schemas.py:51: PydanticDeprecatedSince20: Support for class-based `config` is deprecated, use ConfigDict instead. Deprecated in Pydantic V2.0 to be removed in V3.0. See Pydantic V2 Migration Guide at https://errors.pydantic.dev/2.12/migration/
    class CompanyCommissionUserResponse(CommissionUserBase):

app/modules/finance/schemas.py:63
  /home/techatlasdev/Proyectos/yastubo/backend/yastubo_backend_v1/app/modules/finance/schemas.py:63: PydanticDeprecatedSince20: Support for class-based `config` is deprecated, use ConfigDict instead. Deprecated in Pydantic V2.0 to be removed in V3.0. See Pydantic V2 Migration Guide at https://errors.pydantic.dev/2.12/migration/
    class BUCommissionUserResponse(CommissionUserBase):

tests/test_global_v2.py::test_multi_tenancy_and_reseller_flow
  /home/techatlasdev/Proyectos/yastubo/backend/yastubo_backend_v1/tests/conftest.py:85: DeprecationWarning: Call to deprecated close. (Use aclose() instead) -- Deprecated since version 5.0.1.
    await client.close()

-- Docs: https://docs.pytest.org/en/stable/how-to/capture-warnings.html
=========================== short test summary info ============================
FAILED tests/test_global_v2.py::test_multi_tenancy_and_reseller_flow - ValueE...
======================== 1 failed, 6 warnings in 1.32s =========================
